This is XeTeX, Version 3.14159265-2.6-0.99998 (TeX Live 2017/Debian) (preloaded format=xelatex 2018.8.28)  15 AUG 2020 20:15
entering extended mode
 restricted \write18 enabled.
 %&-line parsing enabled.
**Chapter_3_Ahmad Chapter_3.tex conferences_tahir_javaid.tex Frontinfo.tex main
_2806_v0.tex main_ORIG.tex main_simple_0607.tex main_simple_compiletest.tex mai
n_simple_OK_1307.tex main_simple_OK_1407.tex main_simple_OK.tex main_simple.tex
 main.tex publication_list_tahir_javaid_test.tex publication_list_tahir_javaid_
thesis.tex SM.tex Thesis.tex write.tex
(./Chapter_3_Ahmad.tex
LaTeX2e <2017-04-15>
Babel <3.18> and hyphenation patterns for 84 language(s) loaded.
! Undefined control sequence.
l.3 \chapter
            {Physics Objects} % Main chapter title
? 
! Emergency stop.
l.3 \chapter
            {Physics Objects} % Main chapter title
End of file on the terminal!

 
Here is how much of TeX's memory you used:
 5 strings out of 493007
 82 string characters out of 6136719
 61821 words of memory out of 5000000
 4075 multiletter control sequences out of 15000+600000
 3640 words of font info for 14 fonts, out of 8000000 for 9000
 1348 hyphenation exceptions out of 8191
 5i,0n,1p,401b,8s stack positions out of 5000i,500n,10000p,200000b,80000s
No pages of output.
