This is pdfTeX, Version 3.1415926-2.5-1.40.14 (TeX Live 2013/Debian) (format=pdflatex 2015.10.5)  31 AUG 2016 16:12
entering extended mode
 restricted \write18 enabled.
 %&-line parsing enabled.
**example.bib
(./example.bib
LaTeX2e <2011/06/27>
Babel <3.9h> and hyphenation patterns for 71 languages loaded.

LaTeX Warning: File `example.bib' already exists on the system.
               Not generating it from this source.

)
! Emergency stop.
<*> example.bib
               
*** (job aborted, no legal \end found)

 
Here is how much of TeX's memory you used:
 6 strings out of 493414
 137 string characters out of 6143091
 51224 words of memory out of 5000000
 3554 multiletter control sequences out of 15000+600000
 3640 words of font info for 14 fonts, out of 8000000 for 9000
 902 hyphenation exceptions out of 8191
 7i,0n,7p,252b,57s stack positions out of 5000i,500n,10000p,200000b,80000s
!  ==> Fatal error occurred, no output PDF file produced!
