\BOOKMARK [0][-]{chapter*.1}{\376\377\000\040\0006\0004\000`\000ë\0004\000-\000`\000ë\000-\0004\0006\0004\000`\000ò\000-\0001\0002\0008\000\040\0009\0006\000`\000¶\0004\000-\000`\000¶\000-\0004\0006\0004\000`\000Å\000-\0001\0002\0008}{}% 1
\BOOKMARK [0][-]{section*.2}{\376\377\000A\000b\000s\000t\000r\000a\000c\000t}{}% 2
\BOOKMARK [0][-]{section*.3}{\376\377\000A\000c\000k\000n\000o\000w\000l\000e\000d\000g\000e\000m\000e\000n\000t\000s}{}% 3
\BOOKMARK [0][-]{chapter*.5}{\376\377\000L\000i\000s\000t\000\040\000o\000f\000\040\000F\000i\000g\000u\000r\000e\000s}{}% 4
\BOOKMARK [0][-]{chapter*.6}{\376\377\000L\000i\000s\000t\000\040\000o\000f\000\040\000T\000a\000b\000l\000e\000s}{}% 5
\BOOKMARK [0][-]{chapter.7}{\376\377\000I\000n\000t\000r\000o\000d\000u\000c\000t\000i\000o\000n}{}% 6
\BOOKMARK [0][-]{chapter.8}{\376\377\000T\000h\000e\000o\000r\000e\000t\000i\000c\000a\000l\000\040\000B\000a\000c\000k\000g\000r\000o\000u\000n\000d}{}% 7
\BOOKMARK [1][-]{section.9}{\376\377\000T\000h\000e\000\040\000S\000t\000a\000n\000d\000a\000r\000d\000\040\000M\000o\000d\000e\000l}{chapter.8}% 8
\BOOKMARK [2][-]{subsection.10}{\376\377\000F\000r\000o\000m\000\040\000t\000h\000e\000\040\000H\000i\000s\000t\000o\000r\000y}{section.9}% 9
\BOOKMARK [1][-]{section.11}{\376\377\000F\000u\000n\000d\000a\000m\000e\000n\000t\000a\000l\000\040\000P\000a\000r\000t\000i\000c\000l\000e\000s\000\040\000a\000n\000d\000\040\000u\000n\000d\000e\000r\000l\000y\000i\000n\000g\000\040\000I\000n\000t\000e\000r\000a\000c\000t\000i\000o\000n\000s}{chapter.8}% 10
\BOOKMARK [2][-]{subsection.12}{\376\377\000F\000u\000n\000d\000a\000m\000e\000n\000t\000a\000l\000\040\000P\000a\000r\000t\000i\000c\000l\000e\000s}{section.11}% 11
\BOOKMARK [2][-]{subsection.17}{\376\377\000F\000u\000n\000d\000a\000m\000e\000n\000t\000a\000l\000\040\000I\000n\000t\000e\000r\000a\000c\000t\000i\000o\000n\000s}{section.11}% 12
\BOOKMARK [3][-]{section*.18}{\376\377\000E\000l\000e\000c\000t\000r\000o\000w\000e\000a\000k\000\040\000u\000n\000i\000f\000i\000c\000a\000t\000i\000o\000n}{subsection.17}% 13
\BOOKMARK [1][-]{section.29}{\376\377\000T\000h\000e\000\040\000B\000r\000o\000u\000t\000-\000E\000n\000g\000l\000e\000r\000t\000-\000H\000i\000g\000g\000s\000\040\000M\000e\000c\000h\000a\000n\000i\000s\000m\000\040\000\050\000B\000E\000H\000\051}{chapter.8}% 14
\BOOKMARK [1][-]{section.52}{\376\377\000P\000h\000e\000n\000o\000m\000e\000n\000o\000l\000o\000g\000y\000\040\000o\000f\000\040\000p\000r\000o\000t\000o\000n\000-\000p\000r\000o\000t\000o\000n\000\040\000c\000o\000l\000l\000i\000s\000i\000o\000n\000s\000\040\000a\000t\000\040\000L\000H\000C}{chapter.8}% 15
\BOOKMARK [1][-]{section.55}{\376\377\000H\000i\000g\000g\000s\000\040\000b\000o\000s\000o\000n\000\040\000P\000r\000o\000d\000u\000c\000t\000i\000o\000n\000\040\000a\000t\000\040\000L\000H\000C}{chapter.8}% 16
\BOOKMARK [1][-]{section.58}{\376\377\000H\000i\000g\000g\000s\000\040\000D\000e\000c\000a\000y}{chapter.8}% 17
\BOOKMARK [0][-]{chapter.60}{\376\377\000T\000h\000e\000\040\000L\000a\000r\000g\000e\000\040\000H\000a\000d\000r\000o\000n\000\040\000C\000o\000l\000l\000i\000d\000e\000r\000\040\000\050\000L\000H\000C\000\051\000\040}{}% 18
\BOOKMARK [1][-]{section.63}{\376\377\000L\000H\000C\000\040\000b\000e\000a\000m\000\040\000o\000p\000e\000r\000a\000t\000i\000o\000n\000s}{chapter.60}% 19
\BOOKMARK [2][-]{subsection.65}{\376\377\000M\000a\000c\000h\000i\000n\000e\000\040\000L\000a\000y\000o\000u\000t\000\040\000a\000n\000d\000\040\000P\000e\000r\000f\000o\000r\000m\000a\000n\000c\000e}{section.63}% 20
\BOOKMARK [3][-]{section*.68}{\376\377\000N\000o\000m\000i\000n\000a\000l\000\040\000L\000u\000m\000i\000n\000o\000s\000i\000t\000y\000\040\000i\000n\000\040\000t\000e\000r\000m\000s\000\040\000o\000f\000\040\000B\000e\000a\000m\000\040\000P\000a\000r\000a\000m\000e\000t\000e\000r\000s}{subsection.65}% 21
\BOOKMARK [1][-]{section.73}{\376\377\000D\000a\000t\000a\000\040\000T\000a\000k\000i\000n\000g\000\040\000f\000r\000o\000m\000\040\0002\0000\0001\0005\000\040\000t\000o\000\040\0002\0000\0001\0008\000\040\000\050\000F\000u\000l\000l\000\040\000R\000u\000n\000\040\0002\000\051\000\040}{chapter.60}% 22
\BOOKMARK [1][-]{section.79}{\376\377\000P\000r\000e\000p\000a\000r\000a\000t\000i\000o\000n\000s\000\040\000f\000o\000r\000\040\000H\000i\000g\000h\000\040\000L\000u\000m\000i\000n\000o\000s\000i\000t\000y\000\040\000L\000H\000C\000\040\000-\000\040\000u\000p\000g\000r\000a\000d\000a\000t\000i\000o\000n\000\040\000d\000u\000r\000i\000n\000g\000\040\000L\000o\000n\000g\000\040\000s\000h\000u\000t\000d\000o\000w\000n\000\040\0002}{chapter.60}% 23
\BOOKMARK [0][-]{chapter.80}{\376\377\000T\000h\000e\000\040\000C\000o\000m\000p\000a\000t\000\040\000M\000u\000o\000n\000\040\000S\000o\000l\000e\000n\000o\000i\000d\000\040\000\050\000C\000M\000S\000\051\000\040\000d\000e\000t\000e\000c\000t\000o\000r}{}% 24
\BOOKMARK [1][-]{section.81}{\376\377\000T\000h\000e\000\040\000C\000o\000m\000p\000a\000c\000t\000\040\000M\000u\000o\000n\000\040\000S\000o\000l\000e\000n\000o\000i\000d\000\040\000\050\000C\000M\000S\000\051\000\040\000d\000e\000t\000e\000c\000t\000o\000r}{chapter.80}% 25
\BOOKMARK [2][-]{subsection.82}{\376\377\000G\000e\000n\000e\000r\000a\000l\000\040\000a\000s\000p\000e\000c\000t\000s\000\040\000a\000n\000d\000\040\000t\000h\000e\000\040\000g\000e\000o\000m\000e\000t\000r\000y}{section.81}% 26
\BOOKMARK [3][-]{section*.84}{\376\377\000T\000h\000e\000\040\000C\000M\000S\000\040\000m\000a\000g\000n\000e\000t}{subsection.82}% 27
\BOOKMARK [2][-]{subsection.87}{\376\377\000C\000M\000S\000\040\000C\000o\000o\000r\000d\000i\000n\000a\000t\000e\000\040\000s\000y\000s\000t\000e\000m}{section.81}% 28
\BOOKMARK [2][-]{subsection.91}{\376\377\000I\000n\000n\000e\000r\000\040\000T\000r\000a\000c\000k\000i\000n\000g\000\040\000S\000y\000s\000t\000e\000m\000\040\000\050\000I\000T\000S\000\051\000\040}{section.81}% 29
\BOOKMARK [3][-]{section*.93}{\376\377\000T\000h\000e\000\040\000P\000i\000x\000e\000l\000\040\000D\000e\000t\000e\000c\000t\000o\000r}{subsection.91}% 30
\BOOKMARK [3][-]{section*.96}{\376\377\000T\000h\000e\000\040\000S\000i\000l\000i\000c\000o\000n\000\040\000S\000t\000r\000i\000p}{subsection.91}% 31
\BOOKMARK [2][-]{subsection.97}{\376\377\000E\000l\000e\000c\000t\000r\000o\000m\000a\000g\000n\000e\000t\000i\000c\000\040\000C\000a\000l\000o\000r\000i\000m\000e\000t\000e\000r\000\040\000\050\000E\000C\000A\000L\000\051\000\040}{section.81}% 32
\BOOKMARK [2][-]{subsection.104}{\376\377\000H\000a\000d\000r\000o\000n\000\040\000C\000a\000l\000o\000r\000i\000m\000e\000t\000e\000r\000\040\000\050\000H\000C\000A\000L\000\051}{section.81}% 33
\BOOKMARK [2][-]{subsection.108}{\376\377\000C\000M\000S\000\040\000M\000u\000o\000n\000\040\000S\000y\000s\000t\000e\000m\000\040}{section.81}% 34
\BOOKMARK [3][-]{section*.110}{\376\377\000D\000r\000i\000f\000t\000\040\000T\000u\000b\000e\000s\000\040\000\050\000D\000T\000\051}{subsection.108}% 35
\BOOKMARK [3][-]{section*.114}{\376\377\000R\000e\000s\000i\000s\000t\000i\000v\000e\000\040\000P\000l\000a\000t\000e\000\040\000C\000h\000a\000m\000b\000e\000r\000s\000\040\000\050\000R\000P\000C\000\051}{subsection.108}% 36
\BOOKMARK [3][-]{section*.116}{\376\377\000C\000a\000t\000h\000o\000d\000e\000\040\000S\000t\000r\000i\000p\000\040\000C\000h\000a\000m\000b\000e\000r\000s\000\040\000\050\000C\000S\000C\000\051}{subsection.108}% 37
\BOOKMARK [3][-]{section*.120}{\376\377\000I\000m\000p\000r\000o\000v\000e\000m\000e\000n\000t\000s\000\040\000i\000n\000\040\000C\000M\000S\000\040\000m\000u\000o\000n\000\040\000s\000y\000s\000t\000e\000m\000\040\000d\000u\000r\000i\000n\000g\000\040\000R\000u\000n\0001\000\040\000-\000\040\000R\000u\000n\0002\000\040\000a\000n\000d\000\040\000d\000u\000r\000i\000n\000g\000\040\000o\000n\000g\000o\000i\000n\000g\000\040\000l\000o\000n\000g\000\040\000s\000h\000u\000t\000d\000o\000w\000o\000n\000\040\0002}{subsection.108}% 38
\BOOKMARK [1][-]{section.122}{\376\377\000C\000M\000S\000\040\000T\000r\000i\000g\000g\000e\000r\000\040\000S\000y\000s\000t\000e\000m\000\040}{chapter.80}% 39
\BOOKMARK [2][-]{subsection.123}{\376\377\000T\000h\000e\000\040\000L\0001\000\040\000T\000r\000i\000g\000g\000e\000r\000\040\000o\000f\000\040\000C\000M\000S}{section.122}% 40
\BOOKMARK [3][-]{section*.125}{\376\377\000H\000i\000g\000h\000-\000L\000e\000v\000e\000l\000\040\000T\000r\000i\000g\000g\000e\000r\000\040\000S\000y\000s\000t\000e\000m\000\040\000\050\000H\000L\000T\000\051}{subsection.123}% 41
\BOOKMARK [1][-]{section.126}{\376\377\000W\000o\000r\000l\000d\000w\000i\000d\000e\000\040\000L\000H\000C\000\040\000C\000o\000m\000p\000u\000t\000i\000n\000g\000\040\000G\000r\000i\000d}{chapter.80}% 42
\BOOKMARK [2][-]{subsection.128}{\376\377\0003\000-\000T\000i\000e\000r\000\040\000A\000r\000c\000h\000i\000t\000e\000c\000t\000u\000r\000e}{section.126}% 43
\BOOKMARK [0][-]{chapter.129}{\376\377\000P\000h\000y\000s\000i\000c\000s\000\040\000O\000b\000j\000e\000c\000t\000s}{}% 44
\BOOKMARK [1][-]{section.130}{\376\377\000R\000e\000c\000o\000n\000s\000t\000r\000u\000c\000t\000i\000o\000n\000\040\000o\000f\000\040\000T\000r\000a\000c\000k\000\040\000a\000n\000d\000\040\000V\000e\000r\000t\000e\000x}{chapter.129}% 45
\BOOKMARK [2][-]{subsection.135}{\376\377\000T\000a\000g\000\040\000a\000n\000d\000\040\000P\000r\000o\000b\000e\000\040\000A\000n\000a\000l\000y\000s\000i\000s}{section.130}% 46
\BOOKMARK [1][-]{section.138}{\376\377\000E\000l\000e\000c\000t\000r\000o\000n\000s\000\040\000a\000n\000d\000\040\000P\000h\000o\000t\000o\000n\000s}{chapter.129}% 47
\BOOKMARK [2][-]{subsection.139}{\376\377\000E\000l\000e\000c\000t\000r\000o\000n\000\040\000a\000n\000d\000\040\000P\000h\000o\000t\000o\000n\000\040\000R\000e\000c\000o\000n\000s\000t\000r\000u\000c\000t\000i\000o\000n}{section.138}% 48
\BOOKMARK [2][-]{subsection.143}{\376\377\000E\000l\000e\000c\000t\000r\000o\000n\000\040\000I\000d\000e\000n\000t\000i\000f\000i\000c\000a\000t\000i\000o\000n\000\040\000a\000n\000d\000\040\000I\000s\000o\000l\000a\000t\000i\000o\000n}{section.138}% 49
\BOOKMARK [2][-]{subsection.148}{\376\377\000E\000l\000e\000c\000t\000r\000o\000n\000\040\000I\000m\000p\000a\000c\000t\000\040\000P\000a\000r\000a\000m\000e\000t\000e\000r\000\040\000S\000e\000l\000e\000c\000t\000i\000o\000n}{section.138}% 50
\BOOKMARK [2][-]{subsection.149}{\376\377\000E\000l\000e\000c\000t\000r\000o\000n\000\040\000E\000n\000e\000r\000g\000y\000\040\000C\000a\000l\000i\000b\000r\000a\000t\000i\000o\000n\000s}{section.138}% 51
\BOOKMARK [2][-]{subsection.155}{\376\377\000E\000l\000e\000c\000t\000r\000o\000n\000\040\000E\000f\000f\000i\000c\000i\000e\000n\000c\000y\000\040\000M\000e\000a\000s\000u\000r\000e\000m\000e\000n\000t\000s}{section.138}% 52
\BOOKMARK [1][-]{section.163}{\376\377\000M\000u\000o\000n\000s}{chapter.129}% 53
\BOOKMARK [2][-]{subsection.164}{\376\377\000M\000u\000o\000n\000\040\000R\000e\000c\000o\000n\000s\000t\000r\000u\000c\000t\000i\000o\000n\000\040\000a\000n\000d\000\040\000I\000d\000e\000n\000t\000i\000f\000i\000c\000a\000t\000i\000o\000n}{section.163}% 54
\BOOKMARK [2][-]{subsection.166}{\376\377\000M\000u\000o\000n\000\040\000I\000s\000o\000l\000a\000t\000i\000o\000n\000\040\000R\000e\000q\000u\000i\000r\000e\000m\000e\000n\000t}{section.163}% 55
\BOOKMARK [2][-]{subsection.168}{\376\377\000M\000u\000o\000n\000\040\000I\000m\000p\000a\000c\000t\000\040\000P\000a\000r\000a\000m\000e\000t\000e\000r\000\040\000S\000e\000l\000e\000c\000t\000i\000o\000n}{section.163}% 56
\BOOKMARK [2][-]{subsection.169}{\376\377\000M\000u\000o\000n\000\040\000E\000n\000e\000r\000g\000y\000\040\000C\000a\000l\000i\000b\000r\000a\000t\000i\000o\000n\000s}{section.163}% 57
\BOOKMARK [2][-]{subsection.175}{\376\377\000E\000f\000f\000i\000c\000i\000e\000n\000c\000y\000\040\000M\000e\000a\000s\000u\000r\000e\000m\000e\000n\000t\000s\000\040\000o\000f\000\040\000m\000u\000o\000n\000s}{section.163}% 58
\BOOKMARK [1][-]{section.193}{\376\377\000P\000h\000o\000t\000o\000n\000s\000\040\000f\000o\000r\000\040\000F\000S\000R\000\040\000r\000e\000c\000o\000v\000e\000r\000y}{chapter.129}% 59
\BOOKMARK [1][-]{section.201}{\376\377\000J\000e\000t\000s}{chapter.129}% 60
\BOOKMARK [2][-]{subsection.203}{\376\377\000J\000e\000t\000\040\000I\000d\000e\000n\000t\000i\000f\000i\000c\000a\000t\000i\000o\000n}{section.201}% 61
\BOOKMARK [2][-]{subsection.205}{\376\377\000J\000e\000t\000\040\000E\000n\000e\000r\000g\000y\000\040\000C\000o\000r\000r\000e\000c\000t\000i\000o\000n\000s}{section.201}% 62
\BOOKMARK [2][-]{subsection.206}{\376\377\000B\000-\000t\000a\000g\000g\000i\000n\000g}{section.201}% 63
\BOOKMARK [2][-]{subsection.208}{\376\377\000V\000a\000l\000i\000d\000a\000t\000i\000o\000n\000\040\000o\000n\000\040\000d\000a\000t\000a}{section.201}% 64
\BOOKMARK [1][-]{section.210}{\376\377\000O\000b\000j\000e\000c\000t\000\040\000S\000u\000m\000m\000a\000r\000y}{chapter.129}% 65
\BOOKMARK [0][-]{chapter.212}{\376\377\000P\000r\000o\000b\000i\000n\000g\000\040\000f\000o\000u\000r\000\040\000l\000e\000p\000t\000o\000n\000\040\000f\000i\000n\000a\000l\000-\000s\000t\000a\000t\000e\000\040\000f\000o\000r\000\040\000H\000i\000g\000g\000s\000\040\000C\000r\000o\000s\000s\000\040\000s\000e\000c\000t\000i\000o\000n\000\040\000m\000e\000a\000s\000u\000r\000e\000m\000e\000n\000t}{}% 66
\BOOKMARK [1][-]{section.213}{\376\377\000I\000n\000t\000r\000o\000d\000u\000c\000t\000i\000o\000n}{chapter.212}% 67
\BOOKMARK [1][-]{section.215}{\376\377\000D\000a\000t\000a\000s\000e\000t\000s\000\040\000a\000n\000d\000\040\000T\000r\000i\000g\000g\000e\000r\000s}{chapter.212}% 68
\BOOKMARK [2][-]{subsection.216}{\376\377\000T\000r\000i\000g\000g\000e\000r\000\040\000E\000f\000f\000i\000c\000i\000e\000n\000c\000y}{section.215}% 69
\BOOKMARK [1][-]{section.218}{\376\377\000S\000i\000m\000u\000l\000a\000t\000i\000o\000n\000\040\000S\000a\000m\000p\000l\000e\000s}{chapter.212}% 70
\BOOKMARK [2][-]{section*.219}{\376\377\000S\000i\000g\000n\000a\000l\000\040\000S\000a\000m\000p\000l\000e\000s}{section.218}% 71
\BOOKMARK [3][-]{section*.221}{\376\377\000B\000a\000c\000k\000g\000r\000o\000u\000n\000d\000\040\000S\000a\000m\000p\000l\000e\000s}{section*.219}% 72
\BOOKMARK [3][-]{section*.226}{\376\377\000P\000i\000l\000e\000u\000p\000\040\000R\000e\000w\000e\000i\000g\000h\000t\000i\000n\000g}{section*.219}% 73
\BOOKMARK [1][-]{section.228}{\376\377\000A\000n\000a\000l\000y\000s\000i\000s\000\040\000S\000t\000r\000a\000t\000e\000g\000y}{chapter.212}% 74
\BOOKMARK [2][-]{subsection.230}{\376\377\000E\000v\000e\000n\000t\000\040\000S\000e\000l\000e\000c\000t\000i\000o\000n\000\040}{section.228}% 75
\BOOKMARK [3][-]{section*.231}{\376\377\000V\000e\000r\000t\000e\000x\000\040\000S\000e\000l\000e\000c\000t\000i\000o\000n}{subsection.230}% 76
\BOOKMARK [3][-]{section*.232}{\376\377\000p\000T\000\040\000t\000h\000r\000e\000s\000h\000o\000l\000d\000\040\000r\000e\000q\000u\000i\000r\000e\000m\000e\000n\000t\000s\000\040\000o\000n\000\040\000t\000h\000e\000\040\000T\000r\000i\000g\000g\000e\000r\000s}{subsection.230}% 77
\BOOKMARK [3][-]{section*.233}{\376\377\000L\000e\000p\000t\000o\000n\000\040\000S\000e\000l\000e\000c\000t\000i\000o\000n}{subsection.230}% 78
\BOOKMARK [3][-]{section*.234}{\376\377\000J\000e\000t\000\040\000S\000e\000l\000e\000c\000t\000i\000o\000n}{subsection.230}% 79
\BOOKMARK [2][-]{subsection.235}{\376\377\000Z\000Z\000\040\000C\000a\000n\000d\000i\000d\000a\000t\000e\000\040\000S\000e\000l\000e\000c\000t\000i\000o\000n}{section.228}% 80
\BOOKMARK [2][-]{subsection.240}{\376\377\000C\000h\000o\000i\000c\000e\000\040\000o\000f\000\040\000b\000e\000s\000t\000\040\000Z\000Z\000\040\000C\000a\000n\000d\000i\000d\000a\000t\000e}{section.228}% 81
\BOOKMARK [2][-]{subsection.241}{\376\377\000D\000e\000f\000i\000n\000i\000t\000i\000o\000n\000\040\000o\000f\000\040\000t\000h\000e\000\040\000F\000i\000d\000u\000c\000i\000a\000l\000\040\000V\000o\000l\000u\000m\000e}{section.228}% 82
\BOOKMARK [2][-]{subsection.244}{\376\377\000S\000i\000g\000n\000a\000l\000\040\000M\000o\000d\000e\000l\000i\000n\000g}{section.228}% 83
\BOOKMARK [2][-]{subsection.249}{\376\377\000B\000a\000c\000k\000g\000r\000o\000u\000n\000d\000\040\000M\000o\000d\000e\000l\000i\000n\000g}{section.228}% 84
\BOOKMARK [3][-]{section*.252}{\376\377\000q\000q\000Z\000Z\000\040\000M\000o\000d\000e\000l\000l\000i\000n\000g}{subsection.249}% 85
\BOOKMARK [3][-]{section*.255}{\376\377\000g\000g\000Z\000Z\000\040\000\040\000M\000o\000d\000e\000l\000l\000i\000n\000g}{subsection.249}% 86
\BOOKMARK [3][-]{section*.257}{\376\377\000R\000e\000d\000u\000c\000i\000b\000l\000e\000\040\000B\000a\000c\000k\000g\000r\000o\000u\000n\000d\000\040\000E\000s\000t\000i\000m\000a\000t\000i\000o\000n}{subsection.249}% 87
\BOOKMARK [2][-]{subsection.289}{\376\377\000S\000t\000a\000t\000i\000s\000t\000i\000c\000a\000l\000\040\000P\000r\000o\000c\000e\000d\000u\000r\000e}{section.228}% 88
\BOOKMARK [2][-]{subsection.291}{\376\377\000E\000x\000t\000r\000a\000c\000t\000i\000o\000n\000\040\000o\000f\000\040\000H\0004\000\040\000F\000i\000d\000u\000c\000i\000a\000l\000\040\000C\000r\000o\000s\000s\000\040\000S\000e\000c\000t\000i\000o\000n}{section.228}% 89
\BOOKMARK [3][-]{section*.292}{\376\377\000I\000n\000c\000l\000u\000s\000i\000v\000e\000\040\000o\000r\000\040\000I\000n\000t\000e\000g\000r\000a\000t\000e\000d\000\040\000F\000i\000d\000u\000c\000i\000a\000l\000\040\000C\000r\000o\000s\000s\000\040\000s\000e\000c\000t\000i\000o\000n}{subsection.291}% 90
\BOOKMARK [3][-]{section*.297}{\376\377\000D\000i\000f\000f\000e\000r\000e\000n\000t\000i\000a\000l\000\040\000F\000i\000d\000u\000c\000i\000a\000l\000\040\000C\000r\000o\000s\000s\000\040\000s\000e\000c\000t\000i\000o\000n}{subsection.291}% 91
\BOOKMARK [1][-]{section.321}{\376\377\000S\000y\000s\000t\000e\000m\000a\000t\000i\000c\000\040\000U\000n\000c\000e\000r\000t\000a\000i\000n\000t\000i\000e\000s}{chapter.212}% 92
\BOOKMARK [2][-]{subsection.322}{\376\377\000E\000x\000p\000e\000r\000i\000m\000e\000n\000t\000a\000l\000\040\000u\000n\000c\000e\000r\000t\000a\000i\000n\000t\000i\000e\000s\000\040\000s\000o\000u\000r\000c\000e\000s}{section.321}% 93
\BOOKMARK [2][-]{subsection.324}{\376\377\000T\000h\000e\000o\000r\000e\000t\000i\000c\000a\000l\000\040\000u\000n\000c\000e\000r\000t\000a\000i\000n\000t\000i\000e\000s}{section.321}% 94
\BOOKMARK [2][-]{subsection.328}{\376\377\000S\000y\000s\000t\000e\000m\000a\000t\000i\000c\000\040\000u\000n\000c\000e\000r\000t\000a\000i\000n\000t\000i\000e\000s\000\040\000t\000r\000e\000a\000t\000m\000e\000n\000t\000\040\000w\000h\000e\000n\000\040\000c\000o\000m\000b\000i\000n\000i\000n\000g\000\040\000y\000e\000a\000r\000l\000y\000\040\000m\000e\000a\000s\000u\000r\000e\000m\000e\000n\000t\000s\000\040\000o\000n\000\040\000d\000a\000t\000a}{section.321}% 95
\BOOKMARK [1][-]{section.329}{\376\377\000R\000e\000s\000u\000l\000t\000s}{chapter.212}% 96
\BOOKMARK [2][-]{subsection.330}{\376\377\000M\000e\000a\000s\000u\000r\000e\000m\000e\000n\000t\000\040\000o\000f\000\040\000I\000n\000t\000e\000g\000r\000a\000t\000e\000d\000\040\000F\000i\000d\000u\000c\000i\000a\000l\000\040\000C\000r\000o\000s\000s\000\040\000S\000e\000c\000t\000i\000o\000n}{section.329}% 97
\BOOKMARK [2][-]{subsection.341}{\376\377\000M\000e\000a\000s\000u\000r\000e\000m\000e\000n\000t\000\040\000o\000f\000\040\000D\000i\000f\000f\000e\000r\000e\000n\000t\000i\000a\000l\000\040\000F\000i\000d\000u\000c\000i\000a\000l\000\040\000C\000r\000o\000s\000s\000\040\000S\000e\000c\000t\000i\000o\000n\000s}{section.329}% 98
\BOOKMARK [2][-]{subsection.352}{\376\377\000C\000o\000m\000p\000a\000r\000i\000s\000o\000n\000\040\000W\000i\000t\000h\000\040\000A\000T\000L\000A\000S\000\040\000R\000e\000s\000u\000l\000t\000s}{section.329}% 99
\BOOKMARK [0][-]{chapter.360}{\376\377\000S\000u\000m\000m\000a\000r\000y\000\040\000a\000n\000d\000\040\000O\000u\000t\000l\000o\000o\000k}{}% 100
\BOOKMARK [1][-]{section.361}{\376\377\000S\000u\000m\000m\000a\000r\000y\000\040\000o\000f\000\040\000t\000h\000e\000\040\000d\000i\000s\000s\000e\000r\000t\000a\000t\000i\000o\000n}{chapter.360}% 101
\BOOKMARK [1][-]{section.362}{\376\377\000O\000u\000t\000l\000o\000o\000k}{chapter.360}% 102
\BOOKMARK [0][-]{section*.365}{\376\377\000A\000p\000p\000e\000n\000d\000i\000c\000e\000s}{}% 103
\BOOKMARK [0][-]{Appendix.366}{\376\377\000S\000i\000g\000n\000a\000l\000\040\000a\000n\000d\000\040\000b\000a\000c\000k\000g\000r\000o\000u\000n\000d\000\040\000s\000a\000m\000p\000l\000e\000s\000,\000\040\000a\000n\000d\000\040\000a\000d\000d\000i\000t\000i\000o\000n\000a\000l\000\040\000R\000e\000s\000u\000l\000t\000s\000\040\000o\000n\000\040\000H\000i\000g\000g\000s\000\040\000b\000o\000s\000o\000n\000\040\000c\000r\000o\000s\000s\000\040\000s\000e\000c\000t\000i\000o\000n\000\040\000m\000e\000a\000s\000u\000r\000e\000m\000e\000n\000t}{}% 104
\BOOKMARK [1][-]{section.367}{\376\377\000S\000a\000m\000p\000l\000e\000s\000\040\000o\000f\000\040\000H\000i\000g\000g\000s\000\040\000b\000o\000s\000o\000n\000\040\000p\000r\000o\000d\000u\000c\000t\000i\000o\000n\000\040\000\050\0002\0000\0001\0006\000,\000\040\0002\0000\0001\0007\000,\000\040\0002\0000\0001\0008\000\051}{Appendix.366}% 105
\BOOKMARK [1][-]{section.374}{\376\377\000S\000i\000g\000n\000a\000l\000\040\000S\000h\000a\000p\000e\000s\000\040\000a\000n\000d\000\040\000E\000f\000f\000i\000c\000i\000e\000n\000c\000i\000e\000s}{Appendix.366}% 106
\BOOKMARK [2][-]{subsection.375}{\376\377\000D\000i\000f\000f\000e\000r\000e\000n\000t\000i\000a\000l\000\040\000b\000i\000n\000s\000\040\000-\000\040\000H\000i\000g\000g\000s\000\040\000b\000o\000s\000o\000n\000\040\000t\000r\000a\000n\000s\000v\000e\000r\000s\000e\000\040\000m\000o\000m\000e\000n\000t\000u\000m}{section.374}% 107
\BOOKMARK [2][-]{subsection.506}{\376\377\000D\000i\000f\000f\000e\000r\000e\000n\000t\000i\000a\000l\000\040\000b\000i\000n\000s\000\040\000-\000\040\000r\000a\000p\000i\000d\000i\000t\000y\000\040\000o\000f\000\040\000t\000h\000e\000\040\000H\000i\000g\000g\000s\000\040\000b\000o\000s\000o\000n}{section.374}% 108
\BOOKMARK [2][-]{subsection.525}{\376\377\000S\000i\000g\000n\000a\000l\000\040\000f\000i\000t\000s\000\040\000i\000n\000\040\000d\000i\000f\000f\000e\000r\000e\000n\000t\000i\000a\000l\000\040\000b\000i\000n\000s\000\040\000-\000\040\000n\000u\000m\000b\000e\000r\000\040\000o\000f\000\040\000j\000e\000t\000s}{section.374}% 109
\BOOKMARK [1][-]{section.544}{\376\377\000R\000e\000s\000u\000l\000t\000s\000\040\000w\000i\000t\000h\000\040\000a\000d\000d\000i\000t\000i\000o\000n\000a\000l\000\040\000d\000i\000f\000f\000e\000r\000e\000n\000t\000i\000a\000l\000\040\000o\000b\000s\000e\000r\000v\000a\000b\000l\000e\000s\000\040\000w\000i\000t\000h\000\040\000f\000u\000l\000l\000\040\000R\000u\000n\000\040\0002\000\040\000a\000s\000i\000m\000o\000v\000\040\000d\000a\000t\000a\000s\000e\000t\000s}{Appendix.366}% 110
\BOOKMARK [0][-]{Appendix.556}{\376\377\000T\000h\000e\000\040\000C\000a\000t\000h\000o\000d\000e\000\040\000S\000t\000r\000i\000p\000\040\000C\000h\000a\000m\000b\000e\000r\000s\000\040\000U\000p\000g\000r\000a\000d\000e\000s\000\040\000a\000f\000t\000e\000r\000\040\000R\000u\000n\000\040\0002\000\040\000o\000p\000e\000r\000a\000t\000i\000o\000n\000s}{}% 111
\BOOKMARK [1][-]{section.558}{\376\377\000E\000l\000e\000c\000t\000r\000o\000n\000i\000c\000s\000\040\000u\000p\000g\000r\000a\000d\000e\000s}{Appendix.556}% 112
\BOOKMARK [2][-]{subsection.561}{\376\377\000C\000a\000t\000h\000o\000d\000e\000\040\000f\000r\000o\000n\000t\000-\000e\000n\000d\000\040\000b\000o\000a\000r\000d\000s}{section.558}% 113
\BOOKMARK [2][-]{subsection.566}{\376\377\000A\000n\000o\000d\000e\000\040\000l\000o\000c\000a\000l\000\040\000c\000h\000a\000r\000g\000e\000d\000\040\000t\000r\000a\000c\000k\000\040\000b\000o\000a\000r\000d\000s}{section.558}% 114
\BOOKMARK [2][-]{subsection.568}{\376\377\000T\000r\000i\000g\000g\000e\000r\000\040\000M\000o\000t\000h\000e\000r\000\040\000B\000o\000a\000r\000d}{section.558}% 115
\BOOKMARK [2][-]{subsection.571}{\376\377\000D\000a\000t\000a\000\040\000m\000o\000t\000h\000e\000r\000\040\000b\000o\000a\000r\000d}{section.558}% 116
\BOOKMARK [2][-]{subsection.573}{\376\377\000F\000r\000o\000n\000t\000-\000E\000n\000d\000\040\000D\000r\000i\000v\000e\000r}{section.558}% 117
\BOOKMARK [2][-]{subsection.574}{\376\377\000L\000o\000w\000\040\000a\000n\000d\000\040\000h\000i\000g\000h\000\040\000v\000o\000l\000t\000a\000g\000e\000\040\000s\000y\000s\000t\000e\000m\000s}{section.558}% 118
\BOOKMARK [1][-]{section.576}{\376\377\000A\000c\000t\000i\000v\000i\000t\000i\000e\000s\000\040\000d\000u\000r\000i\000n\000g\000\040\000L\000o\000n\000g\000\040\000s\000h\000u\000t\000d\000o\000w\000n\000\040\0002}{Appendix.556}% 119
\BOOKMARK [2][-]{subsection.579}{\376\377\000C\000S\000C\000\040\000S\000T\000E\000P\000\040\000t\000e\000s\000t\000i\000n\000g}{section.576}% 120
