\BOOKMARK [0][-]{section*.1}{Abstract}{}% 1
\BOOKMARK [0][-]{chapter*.3}{List of Figures}{}% 2
\BOOKMARK [0][-]{chapter*.4}{List of Tables}{}% 3
\BOOKMARK [0][-]{chapter.1}{Introduction}{}% 4
\BOOKMARK [0][-]{chapter.2}{Theoretical Background}{}% 5
\BOOKMARK [1][-]{section.2.1}{The Standard Model}{chapter.2}% 6
\BOOKMARK [1][-]{section.2.2}{Fundamental Particles and underlying Interactions}{chapter.2}% 7
\BOOKMARK [2][-]{subsection.2.2.1}{Fundamental Particles}{section.2.2}% 8
\BOOKMARK [2][-]{subsection.2.2.2}{Fundamental Interactions}{section.2.2}% 9
\BOOKMARK [1][-]{section.2.3}{The Brout-Englert-Higgs Mechanism \(BEH\)}{chapter.2}% 10
\BOOKMARK [2][-]{subsection.2.3.1}{Masses and Couplings of Vector Bosons}{section.2.3}% 11
\BOOKMARK [2][-]{subsection.2.3.2}{Fermions Masses and Couplings}{section.2.3}% 12
\BOOKMARK [1][-]{section.2.4}{Higgs boson Production and its Decay }{chapter.2}% 13
\BOOKMARK [2][-]{subsection.2.4.1}{Higgs boson Production}{section.2.4}% 14
\BOOKMARK [3][-]{section*.13}{Gluon-gluon Fusion }{subsection.2.4.1}% 15
\BOOKMARK [3][-]{section*.14}{Vector Boson Fusion \(VBF\)}{subsection.2.4.1}% 16
\BOOKMARK [3][-]{section*.16}{Production of Higgs in association with W and Z bosons}{subsection.2.4.1}% 17
\BOOKMARK [3][-]{section*.17}{Top Fusion}{subsection.2.4.1}% 18
\BOOKMARK [2][-]{subsection.2.4.2}{Higgs Decay}{section.2.4}% 19
\BOOKMARK [1][-]{section.2.5}{Experimental Observations}{chapter.2}% 20
\BOOKMARK [1][-]{section.2.6}{Beyond Standard Model}{chapter.2}% 21
\BOOKMARK [2][-]{subsection.2.6.1}{Hierarchy Problem}{section.2.6}% 22
\BOOKMARK [2][-]{subsection.2.6.2}{Dark Matter and Dark Energy}{section.2.6}% 23
\BOOKMARK [2][-]{subsection.2.6.3}{Matter Antimatter Asymmetry}{section.2.6}% 24
\BOOKMARK [2][-]{subsection.2.6.4}{Grand Unification and Beyond}{section.2.6}% 25
\BOOKMARK [1][-]{section.2.7}{Higgs Boson as a Probe to BSM}{chapter.2}% 26
\BOOKMARK [0][-]{chapter.3}{Experiment}{}% 27
\BOOKMARK [1][-]{section.3.1}{The Large Hadron Collider \(LHC\) }{chapter.3}% 28
\BOOKMARK [2][-]{subsection.3.1.1}{Machine Layout and Performance}{section.3.1}% 29
\BOOKMARK [3][-]{section*.22}{Machine Layout}{subsection.3.1.1}% 30
\BOOKMARK [3][-]{section*.24}{LHC Performance Goals}{subsection.3.1.1}% 31
\BOOKMARK [3][-]{section*.25}{Nominal Luminosity and Beam Parameters}{subsection.3.1.1}% 32
\BOOKMARK [2][-]{subsection.3.1.2}{Data Taking from 2015 to 2018 \(Full Run 2\) }{section.3.1}% 33
\BOOKMARK [1][-]{section.3.2}{The Compact Muon Solenoid \(CMS\) Experiment}{chapter.3}% 34
\BOOKMARK [2][-]{subsection.3.2.1}{CMS Detector Geometry}{section.3.2}% 35
\BOOKMARK [2][-]{subsection.3.2.2}{Inner Tracking System \(ITS\) }{section.3.2}% 36
